Traceback (most recent call last):
  File "/home/victor/anaconda3/envs/jupyterbook/lib/python3.13/site-packages/jupyter_core/utils/__init__.py", line 154, in wrapped
    asyncio.get_running_loop()
    ~~~~~~~~~~~~~~~~~~~~~~~~^^
RuntimeError: no running event loop

During handling of the above exception, another exception occurred:

Traceback (most recent call last):
  File "/home/victor/anaconda3/envs/jupyterbook/lib/python3.13/site-packages/jupyter_cache/executors/utils.py", line 58, in single_nb_execution
    executenb(
    ~~~~~~~~~^
        nb,
        ^^^
    ...<4 lines>...
        **kwargs,
        ^^^^^^^^^
    )
    ^
  File "/home/victor/anaconda3/envs/jupyterbook/lib/python3.13/site-packages/nbclient/client.py", line 1319, in execute
    return NotebookClient(nb=nb, resources=resources, km=km, **kwargs).execute()
           ~~~~~~~~~~~~~~~~~~~~~~~~~~~~~~~~~~~~~~~~~~~~~~~~~~~~~~~~~~~~~~~~~~~^^
  File "/home/victor/anaconda3/envs/jupyterbook/lib/python3.13/site-packages/jupyter_core/utils/__init__.py", line 158, in wrapped
    return loop.run_until_complete(inner)
           ~~~~~~~~~~~~~~~~~~~~~~~^^^^^^^
  File "/home/victor/anaconda3/envs/jupyterbook/lib/python3.13/asyncio/base_events.py", line 725, in run_until_complete
    return future.result()
           ~~~~~~~~~~~~~^^
  File "/home/victor/anaconda3/envs/jupyterbook/lib/python3.13/site-packages/nbclient/client.py", line 709, in async_execute
    await self.async_execute_cell(
        cell, index, execution_count=self.code_cells_executed + 1
    )
  File "/home/victor/anaconda3/envs/jupyterbook/lib/python3.13/site-packages/nbclient/client.py", line 1062, in async_execute_cell
    await self._check_raise_for_error(cell, cell_index, exec_reply)
  File "/home/victor/anaconda3/envs/jupyterbook/lib/python3.13/site-packages/nbclient/client.py", line 918, in _check_raise_for_error
    raise CellExecutionError.from_cell_and_msg(cell, exec_reply_content)
nbclient.exceptions.CellExecutionError: An error occurred while executing the following cell:
------------------
# Aplicar interpolación 'linear'
df_linear_interpolated = completar_nan_col(df_copia2, method='linear')

print("\nDataFrame después de interpolación 'linear' (primeras 7 filas):")
display(df_linear_interpolated.head(7))

print("Valores NaN después de interpolación 'linear':")
display(contar_nan(df_linear_interpolated))
------------------


[31m---------------------------------------------------------------------------[39m
[31mModuleNotFoundError[39m                       Traceback (most recent call last)
[36mCell[39m[36m [39m[32mIn[61][39m[32m, line 2[39m
[32m      1[39m [38;5;66;03m# Aplicar interpolación 'linear'[39;00m
[32m----> [39m[32m2[39m df_linear_interpolated = [43mcompletar_nan_col[49m[43m([49m[43mdf_copia2[49m[43m,[49m[43m [49m[43mmethod[49m[43m=[49m[33;43m'[39;49m[33;43mlinear[39;49m[33;43m'[39;49m[43m)[49m
[32m      4[39m [38;5;28mprint[39m([33m"[39m[38;5;130;01m\n[39;00m[33mDataFrame después de interpolación [39m[33m'[39m[33mlinear[39m[33m'[39m[33m (primeras 7 filas):[39m[33m"[39m)
[32m      5[39m display(df_linear_interpolated.head([32m7[39m))

[36mCell[39m[36m [39m[32mIn[59][39m[32m, line 15[39m, in [36mcompletar_nan_col[39m[34m(dataframe, method, **kwargs)[39m
[32m      1[39m [38;5;28;01mdef[39;00m[38;5;250m [39m[34mcompletar_nan_col[39m(dataframe, method=[33m'[39m[33mlinear[39m[33m'[39m, **kwargs):
[32m      3[39m [38;5;250m    [39m[33;03m"""[39;00m
[32m      4[39m [33;03m    Completa valores NaN solo en columnas numéricas de un DataFrame[39;00m
[32m      5[39m [33;03m    utilizando el método de interpolación especificado.[39;00m
[32m   (...)[39m[32m     13[39m [33;03m        pd.DataFrame: El DataFrame con los NaNs en columnas numéricas interpolados.[39;00m
[32m     14[39m [33;03m    """[39;00m
[32m---> [39m[32m15[39m     [38;5;28;01mimport[39;00m[38;5;250m [39m[34;01mscipy[39;00m[34;01m.[39;00m[34;01minterpolate[39;00m[38;5;250m [39m[38;5;28;01mas[39;00m[38;5;250m [39m[34;01minterpolate[39;00m
[32m     17[39m     df_interpolado = dataframe.copy()
[32m     18[39m     numeric_cols = df_interpolado.select_dtypes(include=np.number).columns

[31mModuleNotFoundError[39m: No module named 'scipy'

