Traceback (most recent call last):
  File "/home/victor/anaconda3/envs/jupyterbook/lib/python3.13/site-packages/jupyter_core/utils/__init__.py", line 154, in wrapped
    asyncio.get_running_loop()
    ~~~~~~~~~~~~~~~~~~~~~~~~^^
RuntimeError: no running event loop

During handling of the above exception, another exception occurred:

Traceback (most recent call last):
  File "/home/victor/anaconda3/envs/jupyterbook/lib/python3.13/site-packages/jupyter_cache/executors/utils.py", line 58, in single_nb_execution
    executenb(
    ~~~~~~~~~^
        nb,
        ^^^
    ...<4 lines>...
        **kwargs,
        ^^^^^^^^^
    )
    ^
  File "/home/victor/anaconda3/envs/jupyterbook/lib/python3.13/site-packages/nbclient/client.py", line 1319, in execute
    return NotebookClient(nb=nb, resources=resources, km=km, **kwargs).execute()
           ~~~~~~~~~~~~~~~~~~~~~~~~~~~~~~~~~~~~~~~~~~~~~~~~~~~~~~~~~~~~~~~~~~~^^
  File "/home/victor/anaconda3/envs/jupyterbook/lib/python3.13/site-packages/jupyter_core/utils/__init__.py", line 158, in wrapped
    return loop.run_until_complete(inner)
           ~~~~~~~~~~~~~~~~~~~~~~~^^^^^^^
  File "/home/victor/anaconda3/envs/jupyterbook/lib/python3.13/asyncio/base_events.py", line 725, in run_until_complete
    return future.result()
           ~~~~~~~~~~~~~^^
  File "/home/victor/anaconda3/envs/jupyterbook/lib/python3.13/site-packages/nbclient/client.py", line 709, in async_execute
    await self.async_execute_cell(
        cell, index, execution_count=self.code_cells_executed + 1
    )
  File "/home/victor/anaconda3/envs/jupyterbook/lib/python3.13/site-packages/nbclient/client.py", line 1062, in async_execute_cell
    await self._check_raise_for_error(cell, cell_index, exec_reply)
  File "/home/victor/anaconda3/envs/jupyterbook/lib/python3.13/site-packages/nbclient/client.py", line 918, in _check_raise_for_error
    raise CellExecutionError.from_cell_and_msg(cell, exec_reply_content)
nbclient.exceptions.CellExecutionError: An error occurred while executing the following cell:
------------------
# Paquete especializado en metodos numericos
import numpy as np

# Paquete especialozado manejo de estructuras de datos tipo tablas (Data Frames)
import pandas as pd

# Paquetes especializado para generar graficas
import seaborn as sns
import matplotlib.pyplot as plt

# Paquete especializados de estadística y metodos numéricos
from scipy import stats

# Paquete especializado en estadística
import statsmodels.api as sm
import statsmodels.formula.api as smf
------------------


[31m---------------------------------------------------------------------------[39m
[31mModuleNotFoundError[39m                       Traceback (most recent call last)
[36mCell[39m[36m [39m[32mIn[1][39m[32m, line 15[39m
[32m     12[39m [38;5;28;01mfrom[39;00m[38;5;250m [39m[34;01mscipy[39;00m[38;5;250m [39m[38;5;28;01mimport[39;00m stats
[32m     14[39m [38;5;66;03m# Paquete especializado en estadística[39;00m
[32m---> [39m[32m15[39m [38;5;28;01mimport[39;00m[38;5;250m [39m[34;01mstatsmodels[39;00m[34;01m.[39;00m[34;01mapi[39;00m[38;5;250m [39m[38;5;28;01mas[39;00m[38;5;250m [39m[34;01msm[39;00m
[32m     16[39m [38;5;28;01mimport[39;00m[38;5;250m [39m[34;01mstatsmodels[39;00m[34;01m.[39;00m[34;01mformula[39;00m[34;01m.[39;00m[34;01mapi[39;00m[38;5;250m [39m[38;5;28;01mas[39;00m[38;5;250m [39m[34;01msmf[39;00m

[31mModuleNotFoundError[39m: No module named 'statsmodels'

